// Jest Snapshot v1, https://goo.gl/fbAQLP

exports[`<ClassReference /> should match default snapshot 1`] = `"Hello, world!"`;
